---
source: tests/parse.rs
expression: parsed
---
{
  "bar": Value("asd"),
  "foo": Value("1"),
}
