---
source: tests/serde.rs
expression: result
---
EnumInMap(
  foo: bar(
    a: true,
  ),
)
