---
source: tests/serde.rs
expression: result
---
{
  "bar": "asd",
  "foo": "1",
}
