---
source: tests/serde.rs
expression: out
---
vmt_parser::parse_serde

  × Can't parse "3.1" as u8
   ╭─[1:1]
 1 │ "Types" {
 2 │     fixed_array "[1 2 3.1]"
   ·                       ─┬─
   ·                        ╰── Expected a u8
 3 │     flex_array "[1.0 2.2]"
   ╰────

