---
source: tests/serde.rs
expression: result
---
{
  "Types": {
    "fixed_array": [
      "1",
      "2",
      "3",
    ],
    "flex_array": [
      "1",
      "2.2",
    ],
    "single": "1.2",
    "single_int": "2",
    "triple": [
      "1.2",
      "1.3",
      "1.4",
    ],
    "tuple": [
      "1",
      "57",
    ],
  },
}
